[findhouse.bookingcore.org/index.html]
[findhouse.bookingcore.org/uploads/demo/general/favicon.png]
[backblue.gif]
[fade.gif]
[index.html]
[findhouse.bookingcore.org/libs/flags/css/flag-icon.min.css]
[findhouse.bookingcore.org/findhouse/css/bootstrap.min.css]
[findhouse.bookingcore.org/findhouse/css/style.css]
[findhouse.bookingcore.org/findhouse/css/responsive.css]
[findhouse.bookingcore.org/dist/frontend/css/frontend.css]
[findhouse.bookingcore.org/custom-css.css]
[findhouse.bookingcore.org/uploads/demo/general/header-logo2.png]
[findhouse.bookingcore.org/uploads/demo/general/header-logo.png]
[findhouse.bookingcore.org/page/home-page-3.html]
[findhouse.bookingcore.org/page/home-page-5.html]
[findhouse.bookingcore.org/page/home-page-6.html]
[findhouse.bookingcore.org/page/home-page-8.html]
[findhouse.bookingcore.org/page/home-page-10.html]
[findhouse.bookingcore.org/property.html]
[findhouse.bookingcore.org/property659a.html]
[findhouse.bookingcore.org/property6d5a.html]
[findhouse.bookingcore.org/property/renovated-apartment-1.html]
[findhouse.bookingcore.org/property/renovated-apartment-1659a.html]
[findhouse.bookingcore.org/property/renovated-apartment-16d5a.html]
[findhouse.bookingcore.org/property/renovated-apartment-1de65.html]
[findhouse.bookingcore.org/property/renovated-apartment-1d787.html]
[findhouse.bookingcore.org/agency.html]
[findhouse.bookingcore.org/agency/real-estate-experts.html]
[findhouse.bookingcore.org/agent.html]
[findhouse.bookingcore.org/agent/1.html]
[findhouse.bookingcore.org/news.html]
[findhouse.bookingcore.org/news/city-spotlight-philadelphia.html]
[findhouse.bookingcore.org/contact.html]
[findhouse.bookingcore.org/page/about-us.html]
[findhouse.bookingcore.org/page/become-a-agent.html]
[findhouse.bookingcore.org/login0ba4.html]
[findhouse.bookingcore.org/login21b9.html]
[findhouse.bookingcore.org/login.html]
[findhouse.bookingcore.org/register.html]
[findhouse.bookingcore.org/uploads/demo/general/home-mix.jpg]
[findhouse.bookingcore.org/findhouse/images/resource/mouse.png]
[findhouse.bookingcore.org/property/stay-greenwich-village.html]
[findhouse.bookingcore.org/uploads/demo/property/property-11.jpg]
[findhouse.bookingcore.org/agent/12.html]
[findhouse.bookingcore.org/uploads/demo/general/avatar-5.jpg]
[findhouse.bookingcore.org/property/lily-dale-village.html]
[findhouse.bookingcore.org/uploads/demo/property/property-10.jpg]
[findhouse.bookingcore.org/uploads/demo/general/avatar.jpg]
[findhouse.bookingcore.org/property/luxury-single.html]
[findhouse.bookingcore.org/uploads/demo/property/property-9.jpg]
[findhouse.bookingcore.org/agent/10.html]
[findhouse.bookingcore.org/property/paris-greenwich-villa.html]
[findhouse.bookingcore.org/uploads/demo/property/property-8.jpg]
[findhouse.bookingcore.org/agent/18.html]
[findhouse.bookingcore.org/property/east-village.html]
[findhouse.bookingcore.org/uploads/demo/property/property-7.jpg]
[findhouse.bookingcore.org/agent/9.html]
[findhouse.bookingcore.org/property/gorgeous-villa-bay-view.html]
[findhouse.bookingcore.org/uploads/demo/property/property-6.jpg]
[findhouse.bookingcore.org/property/renovated-apartment.html]
[findhouse.bookingcore.org/uploads/demo/property/property-5.jpg]
[findhouse.bookingcore.org/agent/14.html]
[findhouse.bookingcore.org/uploads/demo/general/avatar-3.jpg]
[findhouse.bookingcore.org/index.html]
[findhouse.bookingcore.org/libs/flags/css/flag-icon.min.css]
[findhouse.bookingcore.org/findhouse/css/bootstrap.min.css]
[findhouse.bookingcore.org/findhouse/css/style.css]
[findhouse.bookingcore.org/findhouse/css/responsive.css]
[findhouse.bookingcore.org/dist/frontend/css/frontend.css]
[findhouse.bookingcore.org/custom-css.css]
[findhouse.bookingcore.org/page/home-page-3.html]
[findhouse.bookingcore.org/page/home-page-5.html]
[findhouse.bookingcore.org/page/home-page-6.html]
[findhouse.bookingcore.org/page/home-page-8.html]
[findhouse.bookingcore.org/page/home-page-10.html]
[findhouse.bookingcore.org/property.html]
[findhouse.bookingcore.org/property659a.html]
[findhouse.bookingcore.org/property6d5a.html]
[findhouse.bookingcore.org/property/renovated-apartment-1.html]
[findhouse.bookingcore.org/property/renovated-apartment-1659a.html]
[findhouse.bookingcore.org/property/renovated-apartment-16d5a.html]
[findhouse.bookingcore.org/property/renovated-apartment-1de65.html]
[findhouse.bookingcore.org/property/renovated-apartment-1d787.html]
[findhouse.bookingcore.org/agency.html]
[findhouse.bookingcore.org/agency/real-estate-experts.html]
[findhouse.bookingcore.org/agent.html]
[findhouse.bookingcore.org/agent/1.html]
[findhouse.bookingcore.org/news.html]
[findhouse.bookingcore.org/news/city-spotlight-philadelphia.html]
[findhouse.bookingcore.org/contact.html]
[findhouse.bookingcore.org/page/about-us.html]
[findhouse.bookingcore.org/page/become-a-agent.html]
[findhouse.bookingcore.org/indexe8d3.html]
[findhouse.bookingcore.org/index34ee.html]
[findhouse.bookingcore.org/indexec6b.html]
[findhouse.bookingcore.org/index628c.html]
[findhouse.bookingcore.org/login0ba4.html]
[findhouse.bookingcore.org/login21b9.html]
[findhouse.bookingcore.org/login.html]
[findhouse.bookingcore.org/register.html]
[findhouse.bookingcore.org/property/stay-greenwich-village.html]
[findhouse.bookingcore.org/agent/12.html]
[findhouse.bookingcore.org/property/lily-dale-village.html]
[findhouse.bookingcore.org/property/luxury-single.html]
[findhouse.bookingcore.org/agent/10.html]
[findhouse.bookingcore.org/property/paris-greenwich-villa.html]
[findhouse.bookingcore.org/agent/18.html]
[findhouse.bookingcore.org/property/east-village.html]
[findhouse.bookingcore.org/agent/9.html]
[findhouse.bookingcore.org/property/gorgeous-villa-bay-view.html]
[findhouse.bookingcore.org/property/renovated-apartment.html]
[findhouse.bookingcore.org/agent/14.html]
[findhouse.bookingcore.org/property/luxury-family-home.html]
[findhouse.bookingcore.org/property/luxury-family-home.html]
